<?xml version="1.0" encoding="utf-8"?><testsuites name="pytest tests"><testsuite name="pytest" errors="0" failures="0" skipped="1" tests="36" time="15.038" timestamp="2025-09-29T16:20:17.297342-04:00" hostname="linux"><testcase classname="tests.test_integration.TestApplicationIntegration" name="test_server_starts_successfully" time="3.120" /><testcase classname="tests.test_integration.TestApplicationIntegration" name="test_health_endpoint_integration" time="3.169" /><testcase classname="tests.test_integration.TestApplicationIntegration" name="test_models_endpoint_integration" time="3.169" /><testcase classname="tests.test_integration.TestConfigurationIntegration" name="test_environment_variables_loading" time="0.005" /><testcase classname="tests.test_integration.TestConfigurationIntegration" name="test_missing_api_key_handling" time="1.101" /><testcase classname="tests.test_integration.TestDependencyInjection" name="test_module_imports" time="0.000" /><testcase classname="tests.test_integration.TestDependencyInjection" name="test_fastapi_app_structure" time="0.000" /><testcase classname="tests.test_integration.TestErrorRecovery" name="test_server_recovery_after_error" time="4.171" /><testcase classname="tests.test_integration.TestRealAPIIntegration" name="test_real_openrouter_connection" time="0.000"><skipped type="pytest.skip" message="Requires real OpenRouter API key">/media/veracrypt1/projects/active/ai/ai_assistant/tests/test_integration.py:189: Requires real OpenRouter API key</skipped></testcase><testcase classname="tests.test_main.TestMainEndpoints" name="test_root_endpoint" time="0.022" /><testcase classname="tests.test_main.TestMainEndpoints" name="test_health_endpoint" time="0.004" /><testcase classname="tests.test_main.TestMainEndpoints" name="test_models_endpoint" time="0.004" /><testcase classname="tests.test_main.TestMainEndpoints" name="test_cors_headers" time="0.003" /><testcase classname="tests.test_main.TestMainEndpoints" name="test_nonexistent_endpoint" time="0.004" /><testcase classname="tests.test_main.TestErrorScenarios" name="test_invalid_http_method" time="0.005" /><testcase classname="tests.test_main.TestErrorScenarios" name="test_malformed_requests" time="0.004" /><testcase classname="tests.test_main.TestAsyncEndpoints" name="test_async_root_endpoint" time="0.007" /><testcase classname="tests.test_main.TestAsyncEndpoints" name="test_async_health_endpoint" time="0.004" /><testcase classname="tests.test_routes.TestChatCompletions" name="test_chat_completion_success" time="0.004" /><testcase classname="tests.test_routes.TestChatCompletions" name="test_chat_completion_default_model" time="0.003" /><testcase classname="tests.test_routes.TestChatCompletions" name="test_chat_completion_different_roles" time="0.004" /><testcase classname="tests.test_routes.TestChatCompletions" name="test_chat_completion_with_parameters" time="0.004" /><testcase classname="tests.test_routes.TestStreamingChatCompletions" name="test_streaming_chat_completion_success" time="0.035" /><testcase classname="tests.test_routes.TestStreamingChatCompletions" name="test_streaming_response_content" time="0.035" /><testcase classname="tests.test_routes.TestChatCompletionErrorHandling" name="test_chat_completion_missing_messages" time="0.005" /><testcase classname="tests.test_routes.TestChatCompletionErrorHandling" name="test_chat_completion_empty_messages" time="0.006" /><testcase classname="tests.test_routes.TestChatCompletionErrorHandling" name="test_chat_completion_invalid_model" time="0.005" /><testcase classname="tests.test_routes.TestChatCompletionErrorHandling" name="test_chat_completion_openrouter_error" time="0.005" /><testcase classname="tests.test_routes.TestChatCompletionErrorHandling" name="test_chat_completion_missing_api_key" time="0.005" /><testcase classname="tests.test_routes.TestChatCompletionErrorHandling" name="test_chat_completion_invalid_json" time="0.004" /><testcase classname="tests.test_routes.TestChatCompletionErrorHandling" name="test_chat_completion_wrong_content_type" time="0.004" /><testcase classname="tests.test_routes.TestMessageValidation" name="test_chat_completion_invalid_role" time="0.004" /><testcase classname="tests.test_routes.TestMessageValidation" name="test_chat_completion_empty_content" time="0.004" /><testcase classname="tests.test_routes.TestMessageValidation" name="test_chat_completion_missing_content" time="0.004" /><testcase classname="tests.test_routes.TestAsyncChatCompletions" name="test_async_chat_completion" time="0.004" /><testcase classname="tests.test_routes.TestAsyncChatCompletions" name="test_async_streaming_chat_completion" time="0.034" /></testsuite></testsuites>